C:/Users/kiran/Desktop/MTE325/SourceCode/STM32CubeExpansion_SPN2_V1.1.1/Drivers/BSP/STM32F4xx-Nucleo/stm32f4xx_nucleo.c:329:13:SPIx_Init	56	static
C:/Users/kiran/Desktop/MTE325/SourceCode/STM32CubeExpansion_SPN2_V1.1.1/Drivers/BSP/STM32F4xx-Nucleo/stm32f4xx_nucleo.c:388:13:SPIx_Write	16	static
C:/Users/kiran/Desktop/MTE325/SourceCode/STM32CubeExpansion_SPN2_V1.1.1/Drivers/BSP/STM32F4xx-Nucleo/stm32f4xx_nucleo.c:365:17:SPIx_Read	24	static
C:/Users/kiran/Desktop/MTE325/SourceCode/STM32CubeExpansion_SPN2_V1.1.1/Drivers/BSP/STM32F4xx-Nucleo/stm32f4xx_nucleo.c:166:10:BSP_GetVersion	0	static
C:/Users/kiran/Desktop/MTE325/SourceCode/STM32CubeExpansion_SPN2_V1.1.1/Drivers/BSP/STM32F4xx-Nucleo/stm32f4xx_nucleo.c:178:6:BSP_LED_Init	40	static
C:/Users/kiran/Desktop/MTE325/SourceCode/STM32CubeExpansion_SPN2_V1.1.1/Drivers/BSP/STM32F4xx-Nucleo/stm32f4xx_nucleo.c:203:6:BSP_LED_On	8	static
C:/Users/kiran/Desktop/MTE325/SourceCode/STM32CubeExpansion_SPN2_V1.1.1/Drivers/BSP/STM32F4xx-Nucleo/stm32f4xx_nucleo.c:215:6:BSP_LED_Off	8	static
C:/Users/kiran/Desktop/MTE325/SourceCode/STM32CubeExpansion_SPN2_V1.1.1/Drivers/BSP/STM32F4xx-Nucleo/stm32f4xx_nucleo.c:227:6:BSP_LED_Toggle	8	static
C:/Users/kiran/Desktop/MTE325/SourceCode/STM32CubeExpansion_SPN2_V1.1.1/Drivers/BSP/STM32F4xx-Nucleo/stm32f4xx_nucleo.c:243:6:BSP_PB_Init	32	static
C:/Users/kiran/Desktop/MTE325/SourceCode/STM32CubeExpansion_SPN2_V1.1.1/Drivers/BSP/STM32F4xx-Nucleo/stm32f4xx_nucleo.c:280:10:BSP_PB_GetState	8	static
C:/Users/kiran/Desktop/MTE325/SourceCode/STM32CubeExpansion_SPN2_V1.1.1/Drivers/BSP/STM32F4xx-Nucleo/stm32f4xx_nucleo.c:427:6:SD_IO_Init	40	static
C:/Users/kiran/Desktop/MTE325/SourceCode/STM32CubeExpansion_SPN2_V1.1.1/Drivers/BSP/STM32F4xx-Nucleo/stm32f4xx_nucleo.c:463:6:SD_IO_WriteByte	8	static
C:/Users/kiran/Desktop/MTE325/SourceCode/STM32CubeExpansion_SPN2_V1.1.1/Drivers/BSP/STM32F4xx-Nucleo/stm32f4xx_nucleo.c:474:9:SD_IO_ReadByte	8	static
C:/Users/kiran/Desktop/MTE325/SourceCode/STM32CubeExpansion_SPN2_V1.1.1/Drivers/BSP/STM32F4xx-Nucleo/stm32f4xx_nucleo.c:528:19:SD_IO_WaitResponse	16	static
C:/Users/kiran/Desktop/MTE325/SourceCode/STM32CubeExpansion_SPN2_V1.1.1/Drivers/BSP/STM32F4xx-Nucleo/stm32f4xx_nucleo.c:493:19:SD_IO_WriteCmd	24	static
C:/Users/kiran/Desktop/MTE325/SourceCode/STM32CubeExpansion_SPN2_V1.1.1/Drivers/BSP/STM32F4xx-Nucleo/stm32f4xx_nucleo.c:555:6:SD_IO_WriteDummy	8	static
C:/Users/kiran/Desktop/MTE325/SourceCode/STM32CubeExpansion_SPN2_V1.1.1/Drivers/BSP/STM32F4xx-Nucleo/stm32f4xx_nucleo.c:570:6:LCD_IO_Init	48	static
C:/Users/kiran/Desktop/MTE325/SourceCode/STM32CubeExpansion_SPN2_V1.1.1/Drivers/BSP/STM32F4xx-Nucleo/stm32f4xx_nucleo.c:601:6:LCD_IO_WriteReg	16	static
C:/Users/kiran/Desktop/MTE325/SourceCode/STM32CubeExpansion_SPN2_V1.1.1/Drivers/BSP/STM32F4xx-Nucleo/stm32f4xx_nucleo.c:622:6:LCD_IO_WriteData	16	static
C:/Users/kiran/Desktop/MTE325/SourceCode/STM32CubeExpansion_SPN2_V1.1.1/Drivers/BSP/STM32F4xx-Nucleo/stm32f4xx_nucleo.c:643:6:LCD_IO_WriteMultipleData	16	static
C:/Users/kiran/Desktop/MTE325/SourceCode/STM32CubeExpansion_SPN2_V1.1.1/Drivers/BSP/STM32F4xx-Nucleo/stm32f4xx_nucleo.c:694:6:LCD_Delay	8	static
C:/Users/kiran/Desktop/MTE325/SourceCode/STM32CubeExpansion_SPN2_V1.1.1/Drivers/BSP/STM32F4xx-Nucleo/stm32f4xx_nucleo.c:756:9:BSP_JOY_Init	48	static
C:/Users/kiran/Desktop/MTE325/SourceCode/STM32CubeExpansion_SPN2_V1.1.1/Drivers/BSP/STM32F4xx-Nucleo/stm32f4xx_nucleo.c:784:18:BSP_JOY_GetState	8	static
