Archive member included to satisfy reference by file (symbol)

c:/st/stm32cubeide_1.12.1/stm32cubeide/plugins/com.st.stm32cube.ide.mcu.externaltools.gnu-tools-for-stm32.10.3-2021.10.win32_1.0.200.202301161003/tools/bin/../lib/gcc/arm-none-eabi/10.3.1/../../../../arm-none-eabi/lib/thumb/v7e-m+fp/hard\libc_nano.a(lib_a-errno.o)
                              ./Example/SW4STM32/syscalls.o (__errno)
c:/st/stm32cubeide_1.12.1/stm32cubeide/plugins/com.st.stm32cube.ide.mcu.externaltools.gnu-tools-for-stm32.10.3-2021.10.win32_1.0.200.202301161003/tools/bin/../lib/gcc/arm-none-eabi/10.3.1/../../../../arm-none-eabi/lib/thumb/v7e-m+fp/hard\libc_nano.a(lib_a-exit.o)
                              c:/st/stm32cubeide_1.12.1/stm32cubeide/plugins/com.st.stm32cube.ide.mcu.externaltools.gnu-tools-for-stm32.10.3-2021.10.win32_1.0.200.202301161003/tools/bin/../lib/gcc/arm-none-eabi/10.3.1/../../../../arm-none-eabi/lib/thumb/v7e-m+fp/hard/crt0.o (exit)
c:/st/stm32cubeide_1.12.1/stm32cubeide/plugins/com.st.stm32cube.ide.mcu.externaltools.gnu-tools-for-stm32.10.3-2021.10.win32_1.0.200.202301161003/tools/bin/../lib/gcc/arm-none-eabi/10.3.1/../../../../arm-none-eabi/lib/thumb/v7e-m+fp/hard\libc_nano.a(lib_a-impure.o)
                              c:/st/stm32cubeide_1.12.1/stm32cubeide/plugins/com.st.stm32cube.ide.mcu.externaltools.gnu-tools-for-stm32.10.3-2021.10.win32_1.0.200.202301161003/tools/bin/../lib/gcc/arm-none-eabi/10.3.1/../../../../arm-none-eabi/lib/thumb/v7e-m+fp/hard\libc_nano.a(lib_a-exit.o) (_global_impure_ptr)
c:/st/stm32cubeide_1.12.1/stm32cubeide/plugins/com.st.stm32cube.ide.mcu.externaltools.gnu-tools-for-stm32.10.3-2021.10.win32_1.0.200.202301161003/tools/bin/../lib/gcc/arm-none-eabi/10.3.1/../../../../arm-none-eabi/lib/thumb/v7e-m+fp/hard\libc_nano.a(lib_a-init.o)
                              c:/st/stm32cubeide_1.12.1/stm32cubeide/plugins/com.st.stm32cube.ide.mcu.externaltools.gnu-tools-for-stm32.10.3-2021.10.win32_1.0.200.202301161003/tools/bin/../lib/gcc/arm-none-eabi/10.3.1/../../../../arm-none-eabi/lib/thumb/v7e-m+fp/hard/crt0.o (__libc_init_array)
c:/st/stm32cubeide_1.12.1/stm32cubeide/plugins/com.st.stm32cube.ide.mcu.externaltools.gnu-tools-for-stm32.10.3-2021.10.win32_1.0.200.202301161003/tools/bin/../lib/gcc/arm-none-eabi/10.3.1/../../../../arm-none-eabi/lib/thumb/v7e-m+fp/hard\libc_nano.a(lib_a-memset.o)
                              c:/st/stm32cubeide_1.12.1/stm32cubeide/plugins/com.st.stm32cube.ide.mcu.externaltools.gnu-tools-for-stm32.10.3-2021.10.win32_1.0.200.202301161003/tools/bin/../lib/gcc/arm-none-eabi/10.3.1/../../../../arm-none-eabi/lib/thumb/v7e-m+fp/hard/crt0.o (memset)
c:/st/stm32cubeide_1.12.1/stm32cubeide/plugins/com.st.stm32cube.ide.mcu.externaltools.gnu-tools-for-stm32.10.3-2021.10.win32_1.0.200.202301161003/tools/bin/../lib/gcc/arm-none-eabi/10.3.1/thumb/v7e-m+fp/hard\libgcc.a(_arm_muldf3.o)
                              ./Drivers/BSP/Components/L6470/L6470.o (__aeabi_dmul)
c:/st/stm32cubeide_1.12.1/stm32cubeide/plugins/com.st.stm32cube.ide.mcu.externaltools.gnu-tools-for-stm32.10.3-2021.10.win32_1.0.200.202301161003/tools/bin/../lib/gcc/arm-none-eabi/10.3.1/thumb/v7e-m+fp/hard\libgcc.a(_arm_addsubdf3.o)
                              ./Drivers/BSP/Components/L6470/L6470.o (__aeabi_dadd)
c:/st/stm32cubeide_1.12.1/stm32cubeide/plugins/com.st.stm32cube.ide.mcu.externaltools.gnu-tools-for-stm32.10.3-2021.10.win32_1.0.200.202301161003/tools/bin/../lib/gcc/arm-none-eabi/10.3.1/thumb/v7e-m+fp/hard\libgcc.a(_arm_truncdfsf2.o)
                              ./Drivers/BSP/Components/L6470/L6470.o (__aeabi_d2f)

Discarded input sections

 .text          0x0000000000000000        0x0 c:/st/stm32cubeide_1.12.1/stm32cubeide/plugins/com.st.stm32cube.ide.mcu.externaltools.gnu-tools-for-stm32.10.3-2021.10.win32_1.0.200.202301161003/tools/bin/../lib/gcc/arm-none-eabi/10.3.1/thumb/v7e-m+fp/hard/crti.o
 .data          0x0000000000000000        0x0 c:/st/stm32cubeide_1.12.1/stm32cubeide/plugins/com.st.stm32cube.ide.mcu.externaltools.gnu-tools-for-stm32.10.3-2021.10.win32_1.0.200.202301161003/tools/bin/../lib/gcc/arm-none-eabi/10.3.1/thumb/v7e-m+fp/hard/crti.o
 .bss           0x0000000000000000        0x0 c:/st/stm32cubeide_1.12.1/stm32cubeide/plugins/com.st.stm32cube.ide.mcu.externaltools.gnu-tools-for-stm32.10.3-2021.10.win32_1.0.200.202301161003/tools/bin/../lib/gcc/arm-none-eabi/10.3.1/thumb/v7e-m+fp/hard/crti.o
 .data          0x0000000000000000        0x4 c:/st/stm32cubeide_1.12.1/stm32cubeide/plugins/com.st.stm32cube.ide.mcu.externaltools.gnu-tools-for-stm32.10.3-2021.10.win32_1.0.200.202301161003/tools/bin/../lib/gcc/arm-none-eabi/10.3.1/thumb/v7e-m+fp/hard/crtbegin.o
 .rodata        0x0000000000000000       0x24 c:/st/stm32cubeide_1.12.1/stm32cubeide/plugins/com.st.stm32cube.ide.mcu.externaltools.gnu-tools-for-stm32.10.3-2021.10.win32_1.0.200.202301161003/tools/bin/../lib/gcc/arm-none-eabi/10.3.1/thumb/v7e-m+fp/hard/crtbegin.o
[...]
Memory Configuration

Name             Origin             Length             Attributes
FLASH            0x0000000008000000 0x0000000000080000 xr
RAM              0x0000000020000000 0x0000000000018000 xrw
*default*        0x0000000000000000 0xffffffffffffffff

Linker script and memory map

LOAD c:/st/stm32cubeide_1.12.1/stm32cubeide/plugins/com.st.stm32cube.ide.mcu.externaltools.gnu-tools-for-stm32.10.3-2021.10.win32_1.0.200.202301161003/tools/bin/../lib/gcc/arm-none-eabi/10.3.1/thumb/v7e-m+fp/hard/crti.o
LOAD c:/st/stm32cubeide_1.12.1/stm32cubeide/plugins/com.st.stm32cube.ide.mcu.externaltools.gnu-tools-for-stm32.10.3-2021.10.win32_1.0.200.202301161003/tools/bin/../lib/gcc/arm-none-eabi/10.3.1/thumb/v7e-m+fp/hard/crtbegin.o
LOAD c:/st/stm32cubeide_1.12.1/stm32cubeide/plugins/com.st.stm32cube.ide.mcu.externaltools.gnu-tools-for-stm32.10.3-2021.10.win32_1.0.200.202301161003/tools/bin/../lib/gcc/arm-none-eabi/10.3.1/../../../../arm-none-eabi/lib/thumb/v7e-m+fp/hard/crt0.o
LOAD ./Drivers/BSP/Components/L6470/L6470.o
LOAD ./Drivers/BSP/STM32F4xx-Nucleo/stm32f4xx_nucleo.o
LOAD ./Drivers/BSP/X-NUCLEO-IHM02A1/xnucleoihm02a1.o
LOAD ./Drivers/BSP/X-NUCLEO-IHM02A1/xnucleoihm02a1_interface.o
LOAD ./Drivers/CMSIS/system_stm32f4xx.o
LOAD ./Drivers/STM32F4xx_HAL_Driver/stm32f4xx_hal.o
LOAD ./Drivers/STM32F4xx_HAL_Driver/stm32f4xx_hal_adc.o
LOAD ./Drivers/STM32F4xx_HAL_Driver/stm32f4xx_hal_adc_ex.o
LOAD ./Drivers/STM32F4xx_HAL_Driver/stm32f4xx_hal_cortex.o
LOAD ./Drivers/STM32F4xx_HAL_Driver/stm32f4xx_hal_dma.o
LOAD ./Drivers/STM32F4xx_HAL_Driver/stm32f4xx_hal_dma_ex.o
LOAD ./Drivers/STM32F4xx_HAL_Driver/stm32f4xx_hal_flash.o
LOAD ./Drivers/STM32F4xx_HAL_Driver/stm32f4xx_hal_flash_ex.o
LOAD ./Drivers/STM32F4xx_HAL_Driver/stm32f4xx_hal_flash_ramfunc.o
LOAD ./Drivers/STM32F4xx_HAL_Driver/stm32f4xx_hal_gpio.o
LOAD ./Drivers/STM32F4xx_HAL_Driver/stm32f4xx_hal_pwr.o
LOAD ./Drivers/STM32F4xx_HAL_Driver/stm32f4xx_hal_pwr_ex.o
LOAD ./Drivers/STM32F4xx_HAL_Driver/stm32f4xx_hal_rcc.o
LOAD ./Drivers/STM32F4xx_HAL_Driver/stm32f4xx_hal_rcc_ex.o
LOAD ./Drivers/STM32F4xx_HAL_Driver/stm32f4xx_hal_spi.o
LOAD ./Drivers/STM32F4xx_HAL_Driver/stm32f4xx_hal_uart.o
LOAD ./Example/SW4STM32/startup_stm32f401xe.o
LOAD ./Example/SW4STM32/syscalls.o
LOAD ./Example/User/example.o
LOAD ./Example/User/example_usart.o
LOAD ./Example/User/main.o
LOAD ./Example/User/params.o
LOAD ./Example/User/stm32f4xx_hal_msp.o
LOAD ./Example/User/stm32f4xx_it.o
START GROUP
LOAD c:/st/stm32cubeide_1.12.1/stm32cubeide/plugins/com.st.stm32cube.ide.mcu.externaltools.gnu-tools-for-stm32.10.3-2021.10.win32_1.0.200.202301161003/tools/bin/../lib/gcc/arm-none-eabi/10.3.1/../../../../arm-none-eabi/lib/thumb/v7e-m+fp/hard\libc_nano.a
LOAD c:/st/stm32cubeide_1.12.1/stm32cubeide/plugins/com.st.stm32cube.ide.mcu.externaltools.gnu-tools-for-stm32.10.3-2021.10.win32_1.0.200.202301161003/tools/bin/../lib/gcc/arm-none-eabi/10.3.1/../../../../arm-none-eabi/lib/thumb/v7e-m+fp/hard\libm.a
END GROUP
START GROUP
LOAD c:/st/stm32cubeide_1.12.1/stm32cubeide/plugins/com.st.stm32cube.ide.mcu.externaltools.gnu-tools-for-stm32.10.3-2021.10.win32_1.0.200.202301161003/tools/bin/../lib/gcc/arm-none-eabi/10.3.1/thumb/v7e-m+fp/hard\libgcc.a
LOAD c:/st/stm32cubeide_1.12.1/stm32cubeide/plugins/com.st.stm32cube.ide.mcu.externaltools.gnu-tools-for-stm32.10.3-2021.10.win32_1.0.200.202301161003/tools/bin/../lib/gcc/arm-none-eabi/10.3.1/../../../../arm-none-eabi/lib/thumb/v7e-m+fp/hard\libc_nano.a
END GROUP
START GROUP
LOAD c:/st/stm32cubeide_1.12.1/stm32cubeide/plugins/com.st.stm32cube.ide.mcu.externaltools.gnu-tools-for-stm32.10.3-2021.10.win32_1.0.200.202301161003/tools/bin/../lib/gcc/arm-none-eabi/10.3.1/thumb/v7e-m+fp/hard\libgcc.a
LOAD c:/st/stm32cubeide_1.12.1/stm32cubeide/plugins/com.st.stm32cube.ide.mcu.externaltools.gnu-tools-for-stm32.10.3-2021.10.win32_1.0.200.202301161003/tools/bin/../lib/gcc/arm-none-eabi/10.3.1/../../../../arm-none-eabi/lib/thumb/v7e-m+fp/hard\libc_nano.a
LOAD c:/st/stm32cubeide_1.12.1/stm32cubeide/plugins/com.st.stm32cube.ide.mcu.externaltools.gnu-tools-for-stm32.10.3-2021.10.win32_1.0.200.202301161003/tools/bin/../lib/gcc/arm-none-eabi/10.3.1/../../../../arm-none-eabi/lib/thumb/v7e-m+fp/hard\libnosys.a
END GROUP
START GROUP
LOAD c:/st/stm32cubeide_1.12.1/stm32cubeide/plugins/com.st.stm32cube.ide.mcu.externaltools.gnu-tools-for-stm32.10.3-2021.10.win32_1.0.200.202301161003/tools/bin/../lib/gcc/arm-none-eabi/10.3.1/thumb/v7e-m+fp/hard\libgcc.a
LOAD c:/st/stm32cubeide_1.12.1/stm32cubeide/plugins/com.st.stm32cube.ide.mcu.externaltools.gnu-tools-for-stm32.10.3-2021.10.win32_1.0.200.202301161003/tools/bin/../lib/gcc/arm-none-eabi/10.3.1/../../../../arm-none-eabi/lib/thumb/v7e-m+fp/hard\libc_nano.a
LOAD c:/st/stm32cubeide_1.12.1/stm32cubeide/plugins/com.st.stm32cube.ide.mcu.externaltools.gnu-tools-for-stm32.10.3-2021.10.win32_1.0.200.202301161003/tools/bin/../lib/gcc/arm-none-eabi/10.3.1/../../../../arm-none-eabi/lib/thumb/v7e-m+fp/hard\libnosys.a
END GROUP
LOAD c:/st/stm32cubeide_1.12.1/stm32cubeide/plugins/com.st.stm32cube.ide.mcu.externaltools.gnu-tools-for-stm32.10.3-2021.10.win32_1.0.200.202301161003/tools/bin/../lib/gcc/arm-none-eabi/10.3.1/thumb/v7e-m+fp/hard/crtend.o
LOAD c:/st/stm32cubeide_1.12.1/stm32cubeide/plugins/com.st.stm32cube.ide.mcu.externaltools.gnu-tools-for-stm32.10.3-2021.10.win32_1.0.200.202301161003/tools/bin/../lib/gcc/arm-none-eabi/10.3.1/thumb/v7e-m+fp/hard/crtn.o
                0x0000000020018000                _estack = 0x20018000
                0x0000000000000200                _Min_Heap_Size = 0x200
                0x0000000000000400                _Min_Stack_Size = 0x400

.isr_vector     0x0000000008000000      0x194
                0x0000000008000000                . = ALIGN (0x4)
 *(.isr_vector)
 .isr_vector    0x0000000008000000      0x194 ./Example/SW4STM32/startup_stm32f401xe.o
                0x0000000008000000                g_pfnVectors
                0x0000000008000194                . = ALIGN (0x4)

.text           0x0000000008000194     0x1d14
                0x0000000008000194                . = ALIGN (0x4)
 *(.text)
 .text          0x0000000008000194       0x40 c:/st/stm32cubeide_1.12.1/stm32cubeide/plugins/com.st.stm32cube.ide.mcu.externaltools.gnu-tools-for-stm32.10.3-2021.10.win32_1.0.200.202301161003/tools/bin/../lib/gcc/arm-none-eabi/10.3.1/thumb/v7e-m+fp/hard/crtbegin.o
 *(.text*)
 .text.BSP_LED_Init
                0x00000000080001d4       0x50 ./Drivers/BSP/STM32F4xx-Nucleo/stm32f4xx_nucleo.o
                0x00000000080001d4                BSP_LED_Init
 .text.BSP_LED_On
                0x0000000008000224       0x18 ./Drivers/BSP/STM32F4xx-Nucleo/stm32f4xx_nucleo.o
                0x0000000008000224                BSP_LED_On
 .text.BSP_LED_Off
                0x000000000800023c       0x18 ./Drivers/BSP/STM32F4xx-Nucleo/stm32f4xx_nucleo.o
                0x000000000800023c                BSP_LED_Off
 .text.BSP_PB_Init
                0x0000000008000254       0x84 ./Drivers/BSP/STM32F4xx-Nucleo/stm32f4xx_nucleo.o
                0x0000000008000254                BSP_PB_Init
 .text.SystemClock_Config
                0x00000000080002d8       0x7c ./Drivers/BSP/X-NUCLEO-IHM02A1/xnucleoihm02a1_interface.o
                0x00000000080002d8                SystemClock_Config
 .text.MX_GPIO_Init
                0x0000000008000354       0x12 ./Drivers/BSP/X-NUCLEO-IHM02A1/xnucleoihm02a1_interface.o
                0x0000000008000354                MX_GPIO_Init
 *fill*         0x0000000008000366        0x2 
 .text.MX_SPI1_Init
                0x0000000008000368       0x8c ./Drivers/BSP/X-NUCLEO-IHM02A1/xnucleoihm02a1_interface.o
                0x0000000008000368                MX_SPI1_Init
 .text.MX_USART2_Init
                0x00000000080003f4       0x2c ./Drivers/BSP/X-NUCLEO-IHM02A1/xnucleoihm02a1_interface.o
                0x00000000080003f4                MX_USART2_Init
 .text.User_LED_Blinking
                0x0000000008000420       0x30 ./Drivers/BSP/X-NUCLEO-IHM02A1/xnucleoihm02a1_interface.o
                0x0000000008000420                User_LED_Blinking
 .text.NUCLEO_Board_Init
                0x0000000008000450       0x22 ./Drivers/BSP/X-NUCLEO-IHM02A1/xnucleoihm02a1_interface.o
                0x0000000008000450                NUCLEO_Board_Init
 *fill*         0x0000000008000472        0x2 
 .text.SystemInit
                0x0000000008000474       0x4c ./Drivers/CMSIS/system_stm32f4xx.o
                0x0000000008000474                SystemInit
 .text.HAL_InitTick
                0x00000000080004c0       0x28 ./Drivers/STM32F4xx_HAL_Driver/stm32f4xx_hal.o
                0x00000000080004c0                HAL_InitTick
 .text.HAL_Init
                0x00000000080004e8       0x34 ./Drivers/STM32F4xx_HAL_Driver/stm32f4xx_hal.o
                0x00000000080004e8                HAL_Init
 .text.HAL_IncTick
                0x000000000800051c       0x10 ./Drivers/STM32F4xx_HAL_Driver/stm32f4xx_hal.o
                0x000000000800051c                HAL_IncTick
 .text.HAL_GetTick
                0x000000000800052c        0xc ./Drivers/STM32F4xx_HAL_Driver/stm32f4xx_hal.o
                0x000000000800052c                HAL_GetTick
 .text.HAL_Delay
                0x0000000008000538       0x1c ./Drivers/STM32F4xx_HAL_Driver/stm32f4xx_hal.o
                0x0000000008000538                HAL_Delay
 .text.HAL_NVIC_SetPriorityGrouping
                0x0000000008000554       0x3c ./Drivers/STM32F4xx_HAL_Driver/stm32f4xx_hal_cortex.o
                0x0000000008000554                HAL_NVIC_SetPriorityGrouping
 .text.HAL_NVIC_SetPriority
                0x0000000008000590       0x88 ./Drivers/STM32F4xx_HAL_Driver/stm32f4xx_hal_cortex.o
                0x0000000008000590                HAL_NVIC_SetPriority
 .text.HAL_NVIC_EnableIRQ
                0x0000000008000618       0x2c ./Drivers/STM32F4xx_HAL_Driver/stm32f4xx_hal_cortex.o
                0x0000000008000618                HAL_NVIC_EnableIRQ
 .text.HAL_SYSTICK_Config
                0x0000000008000644       0x28 ./Drivers/STM32F4xx_HAL_Driver/stm32f4xx_hal_cortex.o
                0x0000000008000644                HAL_SYSTICK_Config
 .text.HAL_SYSTICK_Callback
                0x000000000800066c        0x2 ./Drivers/STM32F4xx_HAL_Driver/stm32f4xx_hal_cortex.o
                0x000000000800066c                HAL_SYSTICK_Callback
 .text.HAL_SYSTICK_IRQHandler
                0x000000000800066e        0x8 ./Drivers/STM32F4xx_HAL_Driver/stm32f4xx_hal_cortex.o
                0x000000000800066e                HAL_SYSTICK_IRQHandler
 *fill*         0x0000000008000676        0x2 
 .text.HAL_GPIO_Init
                0x0000000008000678      0x25c ./Drivers/STM32F4xx_HAL_Driver/stm32f4xx_hal_gpio.o
                0x0000000008000678                HAL_GPIO_Init
 .text.HAL_GPIO_ReadPin
                0x00000000080008d4       0x24 ./Drivers/STM32F4xx_HAL_Driver/stm32f4xx_hal_gpio.o
                0x00000000080008d4                HAL_GPIO_ReadPin
 .text.HAL_GPIO_WritePin
                0x00000000080008f8       0x34 ./Drivers/STM32F4xx_HAL_Driver/stm32f4xx_hal_gpio.o
                0x00000000080008f8                HAL_GPIO_WritePin
 .text.HAL_GPIO_EXTI_IRQHandler
                0x000000000800092c       0x1c ./Drivers/STM32F4xx_HAL_Driver/stm32f4xx_hal_gpio.o
                0x000000000800092c                HAL_GPIO_EXTI_IRQHandler
 .text.HAL_RCC_OscConfig
                0x0000000008000948      0x48c ./Drivers/STM32F4xx_HAL_Driver/stm32f4xx_hal_rcc.o
                0x0000000008000948                HAL_RCC_OscConfig
 .text.HAL_RCC_ClockConfig
                0x0000000008000dd4      0x350 ./Drivers/STM32F4xx_HAL_Driver/stm32f4xx_hal_rcc.o
                0x0000000008000dd4                HAL_RCC_ClockConfig
 .text.HAL_RCC_GetSysClockFreq
                0x0000000008001124       0x78 ./Drivers/STM32F4xx_HAL_Driver/stm32f4xx_hal_rcc.o
                0x0000000008001124                HAL_RCC_GetSysClockFreq
 .text.HAL_RCC_GetHCLKFreq
                0x000000000800119c       0x34 ./Drivers/STM32F4xx_HAL_Driver/stm32f4xx_hal_rcc.o
                0x000000000800119c                HAL_RCC_GetHCLKFreq
 .text.HAL_RCC_GetPCLK1Freq
                0x00000000080011d0       0x2c ./Drivers/STM32F4xx_HAL_Driver/stm32f4xx_hal_rcc.o
                0x00000000080011d0                HAL_RCC_GetPCLK1Freq
 .text.HAL_RCC_GetPCLK2Freq
                0x00000000080011fc       0x2c ./Drivers/STM32F4xx_HAL_Driver/stm32f4xx_hal_rcc.o
                0x00000000080011fc                HAL_RCC_GetPCLK2Freq
 .text.HAL_SPI_Init
                0x0000000008001228      0x164 ./Drivers/STM32F4xx_HAL_Driver/stm32f4xx_hal_spi.o
                0x0000000008001228                HAL_SPI_Init
 .text.UART_SetConfig
                0x000000000800138c      0x268 ./Drivers/STM32F4xx_HAL_Driver/stm32f4xx_hal_uart.o
 .text.UART_WaitOnFlagUntilTimeout
                0x00000000080015f4       0xca ./Drivers/STM32F4xx_HAL_Driver/stm32f4xx_hal_uart.o
 *fill*         0x00000000080016be        0x2 
 .text.HAL_UART_Init
                0x00000000080016c0       0xf8 ./Drivers/STM32F4xx_HAL_Driver/stm32f4xx_hal_uart.o
                0x00000000080016c0                HAL_UART_Init
 .text.HAL_UART_Transmit
                0x00000000080017b8       0xea ./Drivers/STM32F4xx_HAL_Driver/stm32f4xx_hal_uart.o
                0x00000000080017b8                HAL_UART_Transmit
 .text.HAL_UART_TxCpltCallback
                0x00000000080018a2        0x2 ./Drivers/STM32F4xx_HAL_Driver/stm32f4xx_hal_uart.o
                0x00000000080018a2                HAL_UART_TxCpltCallback
 .text.HAL_UART_RxCpltCallback
                0x00000000080018a4        0x2 ./Drivers/STM32F4xx_HAL_Driver/stm32f4xx_hal_uart.o
                0x00000000080018a4                HAL_UART_RxCpltCallback
 .text.HAL_UART_ErrorCallback
                0x00000000080018a6        0x2 ./Drivers/STM32F4xx_HAL_Driver/stm32f4xx_hal_uart.o
                0x00000000080018a6                HAL_UART_ErrorCallback
 .text.HAL_UART_IRQHandler
                0x00000000080018a8      0x21c ./Drivers/STM32F4xx_HAL_Driver/stm32f4xx_hal_uart.o
                0x00000000080018a8                HAL_UART_IRQHandler
 .text.Reset_Handler
                0x0000000008001ac4       0x50 ./Example/SW4STM32/startup_stm32f401xe.o
                0x0000000008001ac4                Reset_Handler
 .text.Default_Handler
                0x0000000008001b14        0x2 ./Example/SW4STM32/startup_stm32f401xe.o
                0x0000000008001b14                RTC_Alarm_IRQHandler
                0x0000000008001b14                EXTI2_IRQHandler
                0x0000000008001b14                DebugMon_Handler
                0x0000000008001b14                SPI4_IRQHandler
                0x0000000008001b14                TIM1_CC_IRQHandler
                0x0000000008001b14                DMA2_Stream5_IRQHandler
                0x0000000008001b14                HardFault_Handler
                0x0000000008001b14                DMA1_Stream5_IRQHandler
                0x0000000008001b14                PVD_IRQHandler
                0x0000000008001b14                SDIO_IRQHandler
                0x0000000008001b14                TAMP_STAMP_IRQHandler
                0x0000000008001b14                PendSV_Handler
                0x0000000008001b14                NMI_Handler
                0x0000000008001b14                EXTI3_IRQHandler
                0x0000000008001b14                TIM1_UP_TIM10_IRQHandler
                0x0000000008001b14                I2C3_ER_IRQHandler
                0x0000000008001b14                I2C2_EV_IRQHandler
                0x0000000008001b14                DMA1_Stream2_IRQHandler
                0x0000000008001b14                FPU_IRQHandler
                0x0000000008001b14                UsageFault_Handler
                0x0000000008001b14                DMA2_Stream2_IRQHandler
                0x0000000008001b14                SPI1_IRQHandler
                0x0000000008001b14                TIM1_BRK_TIM9_IRQHandler
                0x0000000008001b14                DMA2_Stream3_IRQHandler
                0x0000000008001b14                USART6_IRQHandler
                0x0000000008001b14                DMA2_Stream0_IRQHandler
                0x0000000008001b14                TIM4_IRQHandler
                0x0000000008001b14                I2C1_EV_IRQHandler
                0x0000000008001b14                DMA1_Stream6_IRQHandler
                0x0000000008001b14                DMA1_Stream1_IRQHandler
                0x0000000008001b14                TIM3_IRQHandler
                0x0000000008001b14                RCC_IRQHandler
                0x0000000008001b14                Default_Handler
                0x0000000008001b14                ADC_IRQHandler
                0x0000000008001b14                DMA1_Stream7_IRQHandler
                0x0000000008001b14                TIM5_IRQHandler
                0x0000000008001b14                DMA2_Stream7_IRQHandler
                0x0000000008001b14                I2C3_EV_IRQHandler
                0x0000000008001b14                EXTI9_5_IRQHandler
                0x0000000008001b14                RTC_WKUP_IRQHandler
                0x0000000008001b14                SPI2_IRQHandler
                0x0000000008001b14                MemManage_Handler
                0x0000000008001b14                DMA1_Stream0_IRQHandler
                0x0000000008001b14                SVC_Handler
                0x0000000008001b14                EXTI4_IRQHandler
                0x0000000008001b14                WWDG_IRQHandler
                0x0000000008001b14                TIM2_IRQHandler
                0x0000000008001b14                OTG_FS_WKUP_IRQHandler
                0x0000000008001b14                TIM1_TRG_COM_TIM11_IRQHandler
                0x0000000008001b14                I2C2_ER_IRQHandler
                0x0000000008001b14                DMA2_Stream1_IRQHandler
                0x0000000008001b14                FLASH_IRQHandler
                0x0000000008001b14                DMA2_Stream4_IRQHandler
                0x0000000008001b14                BusFault_Handler
                0x0000000008001b14                USART1_IRQHandler
                0x0000000008001b14                OTG_FS_IRQHandler
                0x0000000008001b14                SPI3_IRQHandler
                0x0000000008001b14                DMA1_Stream4_IRQHandler
                0x0000000008001b14                I2C1_ER_IRQHandler
                0x0000000008001b14                DMA2_Stream6_IRQHandler
                0x0000000008001b14                DMA1_Stream3_IRQHandler
 .text.USART_Transmit
                0x0000000008001b16       0x16 ./Example/User/example_usart.o
                0x0000000008001b16                USART_Transmit
 .text.USART_ITCharManager
                0x0000000008001b2c       0x74 ./Example/User/example_usart.o
                0x0000000008001b2c                USART_ITCharManager
 .text.HAL_GPIO_EXTI_Callback
                0x0000000008001ba0       0x44 ./Example/User/main.o
                0x0000000008001ba0                HAL_GPIO_EXTI_Callback
 .text.main     0x0000000008001be4       0xbc ./Example/User/main.o
                0x0000000008001be4                main
 .text.assert_failed
                0x0000000008001ca0        0x2 ./Example/User/main.o
                0x0000000008001ca0                assert_failed
 .text.HAL_MspInit
                0x0000000008001ca2       0x16 ./Example/User/stm32f4xx_hal_msp.o
                0x0000000008001ca2                HAL_MspInit
 .text.HAL_SPI_MspInit
                0x0000000008001cb8       0xdc ./Example/User/stm32f4xx_hal_msp.o
                0x0000000008001cb8                HAL_SPI_MspInit
 .text.HAL_UART_MspInit
                0x0000000008001d94       0x70 ./Example/User/stm32f4xx_hal_msp.o
                0x0000000008001d94                HAL_UART_MspInit
 .text.SysTick_Handler
                0x0000000008001e04        0xc ./Example/User/stm32f4xx_it.o
                0x0000000008001e04                SysTick_Handler
 .text.EXTI1_IRQHandler
                0x0000000008001e10        0xa ./Example/User/stm32f4xx_it.o
                0x0000000008001e10                EXTI1_IRQHandler
 .text.EXTI0_IRQHandler
                0x0000000008001e1a        0xa ./Example/User/stm32f4xx_it.o
                0x0000000008001e1a                EXTI0_IRQHandler
 .text.USART2_IRQHandler
                0x0000000008001e24       0x18 ./Example/User/stm32f4xx_it.o
                0x0000000008001e24                USART2_IRQHandler
 .text.EXTI15_10_IRQHandler
                0x0000000008001e3c        0xc ./Example/User/stm32f4xx_it.o
                0x0000000008001e3c                EXTI15_10_IRQHandler
 .text.__libc_init_array
                0x0000000008001e48       0x48 c:/st/stm32cubeide_1.12.1/stm32cubeide/plugins/com.st.stm32cube.ide.mcu.externaltools.gnu-tools-for-stm32.10.3-2021.10.win32_1.0.200.202301161003/tools/bin/../lib/gcc/arm-none-eabi/10.3.1/../../../../arm-none-eabi/lib/thumb/v7e-m+fp/hard\libc_nano.a(lib_a-init.o)
                0x0000000008001e48                __libc_init_array
 *(.glue_7)
 .glue_7        0x0000000008001e90        0x0 linker stubs
 *(.glue_7t)
 .glue_7t       0x0000000008001e90        0x0 linker stubs
 *(.eh_frame)
 .eh_frame      0x0000000008001e90        0x0 c:/st/stm32cubeide_1.12.1/stm32cubeide/plugins/com.st.stm32cube.ide.mcu.externaltools.gnu-tools-for-stm32.10.3-2021.10.win32_1.0.200.202301161003/tools/bin/../lib/gcc/arm-none-eabi/10.3.1/thumb/v7e-m+fp/hard/crtbegin.o
 *(.init)
 .init          0x0000000008001e90        0x4 c:/st/stm32cubeide_1.12.1/stm32cubeide/plugins/com.st.stm32cube.ide.mcu.externaltools.gnu-tools-for-stm32.10.3-2021.10.win32_1.0.200.202301161003/tools/bin/../lib/gcc/arm-none-eabi/10.3.1/thumb/v7e-m+fp/hard/crti.o
                0x0000000008001e90                _init
 .init          0x0000000008001e94        0x8 c:/st/stm32cubeide_1.12.1/stm32cubeide/plugins/com.st.stm32cube.ide.mcu.externaltools.gnu-tools-for-stm32.10.3-2021.10.win32_1.0.200.202301161003/tools/bin/../lib/gcc/arm-none-eabi/10.3.1/thumb/v7e-m+fp/hard/crtn.o
 *(.fini)
 .fini          0x0000000008001e9c        0x4 c:/st/stm32cubeide_1.12.1/stm32cubeide/plugins/com.st.stm32cube.ide.mcu.externaltools.gnu-tools-for-stm32.10.3-2021.10.win32_1.0.200.202301161003/tools/bin/../lib/gcc/arm-none-eabi/10.3.1/thumb/v7e-m+fp/hard/crti.o
                0x0000000008001e9c                _fini
 .fini          0x0000000008001ea0        0x8 c:/st/stm32cubeide_1.12.1/stm32cubeide/plugins/com.st.stm32cube.ide.mcu.externaltools.gnu-tools-for-stm32.10.3-2021.10.win32_1.0.200.202301161003/tools/bin/../lib/gcc/arm-none-eabi/10.3.1/thumb/v7e-m+fp/hard/crtn.o
                0x0000000008001ea8                . = ALIGN (0x4)
                0x0000000008001ea8                _etext = .

.vfp11_veneer   0x0000000008001ea8        0x0
 .vfp11_veneer  0x0000000008001ea8        0x0 linker stubs

.v4_bx          0x0000000008001ea8        0x0
 .v4_bx         0x0000000008001ea8        0x0 linker stubs

.iplt           0x0000000008001ea8        0x0
 .iplt          0x0000000008001ea8        0x0 c:/st/stm32cubeide_1.12.1/stm32cubeide/plugins/com.st.stm32cube.ide.mcu.externaltools.gnu-tools-for-stm32.10.3-2021.10.win32_1.0.200.202301161003/tools/bin/../lib/gcc/arm-none-eabi/10.3.1/thumb/v7e-m+fp/hard/crtbegin.o

.rodata         0x0000000008001ea8      0x65c
                0x0000000008001ea8                . = ALIGN (0x4)
 *(.rodata)
 .rodata        0x0000000008001ea8       0x10 ./Drivers/STM32F4xx_HAL_Driver/stm32f4xx_hal_rcc.o
                0x0000000008001ea8                APBAHBPrescTable
 *(.rodata*)
 .rodata.str1.4
                0x0000000008001eb8       0x80 ./Drivers/STM32F4xx_HAL_Driver/stm32f4xx_hal_cortex.o
 .rodata.str1.4
                0x0000000008001f38       0x7e ./Drivers/STM32F4xx_HAL_Driver/stm32f4xx_hal_gpio.o
 *fill*         0x0000000008001fb6        0x2 
 .rodata.str1.4
                0x0000000008001fb8       0x7d ./Drivers/STM32F4xx_HAL_Driver/stm32f4xx_hal_rcc.o
 *fill*         0x0000000008002035        0x3 
 .rodata.str1.4
                0x0000000008002038       0x7d ./Drivers/STM32F4xx_HAL_Driver/stm32f4xx_hal_spi.o
 *fill*         0x00000000080020b5        0x3 
 .rodata.str1.4
                0x00000000080020b8       0x7e ./Drivers/STM32F4xx_HAL_Driver/stm32f4xx_hal_uart.o
 *fill*         0x0000000008002136        0x2 
 .rodata.str1.4
                0x0000000008002138      0x3cb ./Example/User/example_usart.o
                                        0x3d7 (size before relaxing)
                0x0000000008002504                . = ALIGN (0x4)
 *fill*         0x0000000008002503        0x1 

.rel.dyn        0x0000000008002504        0x0
 .rel.iplt      0x0000000008002504        0x0 c:/st/stm32cubeide_1.12.1/stm32cubeide/plugins/com.st.stm32cube.ide.mcu.externaltools.gnu-tools-for-stm32.10.3-2021.10.win32_1.0.200.202301161003/tools/bin/../lib/gcc/arm-none-eabi/10.3.1/thumb/v7e-m+fp/hard/crtbegin.o

.ARM.extab
 *(.ARM.extab* .gnu.linkonce.armextab.*)

.ARM            0x0000000008002504        0x0
                0x0000000008002504                __exidx_start = .
 *(.ARM.exidx*)
                0x0000000008002504                __exidx_end = .

.preinit_array  0x0000000008002504        0x0
                0x0000000008002504                PROVIDE (__preinit_array_start = .)
 *(.preinit_array*)
                0x0000000008002504                PROVIDE (__preinit_array_end = .)

.init_array     0x0000000008002504        0x4
                0x0000000008002504                PROVIDE (__init_array_start = .)
 *(SORT_BY_NAME(.init_array.*))
 *(.init_array*)
 .init_array    0x0000000008002504        0x4 c:/st/stm32cubeide_1.12.1/stm32cubeide/plugins/com.st.stm32cube.ide.mcu.externaltools.gnu-tools-for-stm32.10.3-2021.10.win32_1.0.200.202301161003/tools/bin/../lib/gcc/arm-none-eabi/10.3.1/thumb/v7e-m+fp/hard/crtbegin.o
                0x0000000008002508                PROVIDE (__init_array_end = .)

.fini_array     0x0000000008002508        0x4
                [!provide]                        PROVIDE (__fini_array_start = .)
 *(SORT_BY_NAME(.fini_array.*))
 *(.fini_array*)
 .fini_array    0x0000000008002508        0x4 c:/st/stm32cubeide_1.12.1/stm32cubeide/plugins/com.st.stm32cube.ide.mcu.externaltools.gnu-tools-for-stm32.10.3-2021.10.win32_1.0.200.202301161003/tools/bin/../lib/gcc/arm-none-eabi/10.3.1/thumb/v7e-m+fp/hard/crtbegin.o
                [!provide]                        PROVIDE (__fini_array_end = .)
                0x000000000800250c                _sidata = LOADADDR (.data)

.data           0x0000000020000000       0x10 load address 0x000000000800250c
                0x0000000020000000                . = ALIGN (0x4)
                0x0000000020000000                _sdata = .
 *(.data)
 .data          0x0000000020000000        0xc ./Drivers/BSP/STM32F4xx-Nucleo/stm32f4xx_nucleo.o
                0x0000000020000000                SpixTimeout
                0x0000000020000004                GPIO_PORT
                0x0000000020000008                BUTTON_PORT
 .data          0x000000002000000c        0x4 ./Drivers/CMSIS/system_stm32f4xx.o
                0x000000002000000c                SystemCoreClock
 *(.data*)
                0x0000000020000010                . = ALIGN (0x4)
                0x0000000020000010                _edata = .

.igot.plt       0x0000000020000010        0x0 load address 0x000000000800251c
 .igot.plt      0x0000000020000010        0x0 c:/st/stm32cubeide_1.12.1/stm32cubeide/plugins/com.st.stm32cube.ide.mcu.externaltools.gnu-tools-for-stm32.10.3-2021.10.win32_1.0.200.202301161003/tools/bin/../lib/gcc/arm-none-eabi/10.3.1/thumb/v7e-m+fp/hard/crtbegin.o
                0x0000000020000010                . = ALIGN (0x4)

.bss            0x0000000020000010      0x228 load address 0x000000000800251c
                0x0000000020000010                _sbss = .
                0x0000000020000010                __bss_start__ = _sbss
 *(.bss)
 .bss           0x0000000020000010       0x1c c:/st/stm32cubeide_1.12.1/stm32cubeide/plugins/com.st.stm32cube.ide.mcu.externaltools.gnu-tools-for-stm32.10.3-2021.10.win32_1.0.200.202301161003/tools/bin/../lib/gcc/arm-none-eabi/10.3.1/thumb/v7e-m+fp/hard/crtbegin.o
 .bss           0x000000002000002c       0xf4 ./Drivers/BSP/X-NUCLEO-IHM02A1/xnucleoihm02a1_interface.o
                0x000000002000002c                hspi1
                0x0000000020000084                hspi2
                0x00000000200000dc                hadc1
 .bss           0x0000000020000120        0x4 ./Drivers/STM32F4xx_HAL_Driver/stm32f4xx_hal.o
 .bss           0x0000000020000124      0x110 ./Example/User/example_usart.o
                0x0000000020000124                huart2
                0x0000000020000164                L6470_DaisyChainMnemonic
                0x0000000020000194                UsartTextString
                0x00000000200001d4                L6470_TextCommandBundle
 .bss           0x0000000020000234        0x1 ./Example/User/main.o
 *(.bss*)
 *(COMMON)
                0x0000000020000238                . = ALIGN (0x4)
 *fill*         0x0000000020000235        0x3 
                0x0000000020000238                _ebss = .
                0x0000000020000238                __bss_end__ = _ebss

._user_heap_stack
                0x0000000020000238      0x600 load address 0x000000000800251c
                0x0000000020000238                . = ALIGN (0x8)
                0x0000000020000238                PROVIDE (end = .)
                [!provide]                        PROVIDE (_end = .)
                0x0000000020000438                . = (. + _Min_Heap_Size)
 *fill*         0x0000000020000238      0x200 
                0x0000000020000838                . = (. + _Min_Stack_Size)
 *fill*         0x0000000020000438      0x400 
                0x0000000020000838                . = ALIGN (0x8)

/DISCARD/
 libc.a(*)
 libm.a(*)
 libgcc.a(*)

.ARM.attributes
                0x0000000000000000       0x30
 *(.ARM.attributes)
 .ARM.attributes
                0x0000000000000000       0x1e c:/st/stm32cubeide_1.12.1/stm32cubeide/plugins/com.st.stm32cube.ide.mcu.externaltools.gnu-tools-for-stm32.10.3-2021.10.win32_1.0.200.202301161003/tools/bin/../lib/gcc/arm-none-eabi/10.3.1/thumb/v7e-m+fp/hard/crti.o
 .ARM.attributes
                0x000000000000001e       0x34 c:/st/stm32cubeide_1.12.1/stm32cubeide/plugins/com.st.stm32cube.ide.mcu.externaltools.gnu-tools-for-stm32.10.3-2021.10.win32_1.0.200.202301161003/tools/bin/../lib/gcc/arm-none-eabi/10.3.1/thumb/v7e-m+fp/hard/crtbegin.o
 .ARM.attributes
                0x0000000000000052       0x34 ./Drivers/BSP/STM32F4xx-Nucleo/stm32f4xx_nucleo.o
 .ARM.attributes
                0x0000000000000086       0x34 ./Drivers/BSP/X-NUCLEO-IHM02A1/xnucleoihm02a1_interface.o
 .ARM.attributes
                0x00000000000000ba       0x34 ./Drivers/CMSIS/system_stm32f4xx.o
 .ARM.attributes
                0x00000000000000ee       0x34 ./Drivers/STM32F4xx_HAL_Driver/stm32f4xx_hal.o
 .ARM.attributes
                0x0000000000000122       0x34 ./Drivers/STM32F4xx_HAL_Driver/stm32f4xx_hal_cortex.o
 .ARM.attributes
                0x0000000000000156       0x34 ./Drivers/STM32F4xx_HAL_Driver/stm32f4xx_hal_gpio.o
 .ARM.attributes
                0x000000000000018a       0x34 ./Drivers/STM32F4xx_HAL_Driver/stm32f4xx_hal_rcc.o
 .ARM.attributes
                0x00000000000001be       0x34 ./Drivers/STM32F4xx_HAL_Driver/stm32f4xx_hal_spi.o
 .ARM.attributes
                0x00000000000001f2       0x34 ./Drivers/STM32F4xx_HAL_Driver/stm32f4xx_hal_uart.o
 .ARM.attributes
                0x0000000000000226       0x21 ./Example/SW4STM32/startup_stm32f401xe.o
 .ARM.attributes
                0x0000000000000247       0x34 ./Example/User/example_usart.o
 .ARM.attributes
                0x000000000000027b       0x34 ./Example/User/main.o
 .ARM.attributes
                0x00000000000002af       0x34 ./Example/User/stm32f4xx_hal_msp.o
 .ARM.attributes
                0x00000000000002e3       0x34 ./Example/User/stm32f4xx_it.o
 .ARM.attributes
                0x0000000000000317       0x34 c:/st/stm32cubeide_1.12.1/stm32cubeide/plugins/com.st.stm32cube.ide.mcu.externaltools.gnu-tools-for-stm32.10.3-2021.10.win32_1.0.200.202301161003/tools/bin/../lib/gcc/arm-none-eabi/10.3.1/../../../../arm-none-eabi/lib/thumb/v7e-m+fp/hard\libc_nano.a(lib_a-init.o)
 .ARM.attributes
                0x000000000000034b       0x1e c:/st/stm32cubeide_1.12.1/stm32cubeide/plugins/com.st.stm32cube.ide.mcu.externaltools.gnu-tools-for-stm32.10.3-2021.10.win32_1.0.200.202301161003/tools/bin/../lib/gcc/arm-none-eabi/10.3.1/thumb/v7e-m+fp/hard/crtn.o
OUTPUT(X-CUBE-SPN2_F401.elf elf32-littlearm)
LOAD linker stubs
LOAD c:/st/stm32cubeide_1.12.1/stm32cubeide/plugins/com.st.stm32cube.ide.mcu.externaltools.gnu-tools-for-stm32.10.3-2021.10.win32_1.0.200.202301161003/tools/bin/../lib/gcc/arm-none-eabi/10.3.1/../../../../arm-none-eabi/lib/thumb/v7e-m+fp/hard\libc.a
LOAD c:/st/stm32cubeide_1.12.1/stm32cubeide/plugins/com.st.stm32cube.ide.mcu.externaltools.gnu-tools-for-stm32.10.3-2021.10.win32_1.0.200.202301161003/tools/bin/../lib/gcc/arm-none-eabi/10.3.1/../../../../arm-none-eabi/lib/thumb/v7e-m+fp/hard\libm.a
LOAD c:/st/stm32cubeide_1.12.1/stm32cubeide/plugins/com.st.stm32cube.ide.mcu.externaltools.gnu-tools-for-stm32.10.3-2021.10.win32_1.0.200.202301161003/tools/bin/../lib/gcc/arm-none-eabi/10.3.1/thumb/v7e-m+fp/hard\libgcc.a

.debug_info     0x0000000000000000     0xdbdc
 .debug_info    0x0000000000000000     0x1e8b ./Drivers/BSP/STM32F4xx-Nucleo/stm32f4xx_nucleo.o
 .debug_info    0x0000000000001e8b     0x13dc ./Drivers/BSP/X-NUCLEO-IHM02A1/xnucleoihm02a1_interface.o
 .debug_info    0x0000000000003267      0x50c ./Drivers/CMSIS/system_stm32f4xx.o
 .debug_info    0x0000000000003773      0x8d1 ./Drivers/STM32F4xx_HAL_Driver/stm32f4xx_hal.o
 .debug_info    0x0000000000004044     0x121a ./Drivers/STM32F4xx_HAL_Driver/stm32f4xx_hal_cortex.o
 .debug_info    0x000000000000525e      0x949 ./Drivers/STM32F4xx_HAL_Driver/stm32f4xx_hal_gpio.o
 .debug_info    0x0000000000005ba7     0x110c ./Drivers/STM32F4xx_HAL_Driver/stm32f4xx_hal_rcc.o
 .debug_info    0x0000000000006cb3     0x1abd ./Drivers/STM32F4xx_HAL_Driver/stm32f4xx_hal_spi.o
 .debug_info    0x0000000000008770     0x1740 ./Drivers/STM32F4xx_HAL_Driver/stm32f4xx_hal_uart.o
 .debug_info    0x0000000000009eb0       0x22 ./Example/SW4STM32/startup_stm32f401xe.o
 .debug_info    0x0000000000009ed2     0x1d11 ./Example/User/example_usart.o
 .debug_info    0x000000000000bbe3      0x640 ./Example/User/main.o
 .debug_info    0x000000000000c223     0x1342 ./Example/User/stm32f4xx_hal_msp.o
 .debug_info    0x000000000000d565      0x677 ./Example/User/stm32f4xx_it.o

.debug_abbrev   0x0000000000000000     0x2257
 .debug_abbrev  0x0000000000000000      0x40d ./Drivers/BSP/STM32F4xx-Nucleo/stm32f4xx_nucleo.o
 .debug_abbrev  0x000000000000040d      0x2bf ./Drivers/BSP/X-NUCLEO-IHM02A1/xnucleoihm02a1_interface.o
 .debug_abbrev  0x00000000000006cc      0x12f ./Drivers/CMSIS/system_stm32f4xx.o
 .debug_abbrev  0x00000000000007fb      0x2a9 ./Drivers/STM32F4xx_HAL_Driver/stm32f4xx_hal.o
 .debug_abbrev  0x0000000000000aa4      0x378 ./Drivers/STM32F4xx_HAL_Driver/stm32f4xx_hal_cortex.o
 .debug_abbrev  0x0000000000000e1c      0x237 ./Drivers/STM32F4xx_HAL_Driver/stm32f4xx_hal_gpio.o
 .debug_abbrev  0x0000000000001053      0x32d ./Drivers/STM32F4xx_HAL_Driver/stm32f4xx_hal_rcc.o
 .debug_abbrev  0x0000000000001380      0x318 ./Drivers/STM32F4xx_HAL_Driver/stm32f4xx_hal_spi.o
 .debug_abbrev  0x0000000000001698      0x313 ./Drivers/STM32F4xx_HAL_Driver/stm32f4xx_hal_uart.o
 .debug_abbrev  0x00000000000019ab       0x12 ./Example/SW4STM32/startup_stm32f401xe.o
 .debug_abbrev  0x00000000000019bd      0x302 ./Example/User/example_usart.o
 .debug_abbrev  0x0000000000001cbf      0x1ff ./Example/User/main.o
 .debug_abbrev  0x0000000000001ebe      0x1d0 ./Example/User/stm32f4xx_hal_msp.o
 .debug_abbrev  0x000000000000208e      0x1c9 ./Example/User/stm32f4xx_it.o

.debug_loc      0x0000000000000000     0x6432
 .debug_loc     0x0000000000000000      0x5eb ./Drivers/BSP/STM32F4xx-Nucleo/stm32f4xx_nucleo.o
 .debug_loc     0x00000000000005eb      0x174 ./Drivers/BSP/X-NUCLEO-IHM02A1/xnucleoihm02a1_interface.o
 .debug_loc     0x000000000000075f      0x185 ./Drivers/CMSIS/system_stm32f4xx.o
 .debug_loc     0x00000000000008e4       0xdb ./Drivers/STM32F4xx_HAL_Driver/stm32f4xx_hal.o
 .debug_loc     0x00000000000009bf      0x875 ./Drivers/STM32F4xx_HAL_Driver/stm32f4xx_hal_cortex.o
 .debug_loc     0x0000000000001234      0x712 ./Drivers/STM32F4xx_HAL_Driver/stm32f4xx_hal_gpio.o
 .debug_loc     0x0000000000001946      0x93c ./Drivers/STM32F4xx_HAL_Driver/stm32f4xx_hal_rcc.o
 .debug_loc     0x0000000000002282     0x1618 ./Drivers/STM32F4xx_HAL_Driver/stm32f4xx_hal_spi.o
 .debug_loc     0x000000000000389a     0x133f ./Drivers/STM32F4xx_HAL_Driver/stm32f4xx_hal_uart.o
 .debug_loc     0x0000000000004bd9     0x1676 ./Example/User/example_usart.o
 .debug_loc     0x000000000000624f       0x57 ./Example/User/main.o
 .debug_loc     0x00000000000062a6      0x18c ./Example/User/stm32f4xx_hal_msp.o

.debug_aranges  0x0000000000000000      0x788
 .debug_aranges
                0x0000000000000000       0xd0 ./Drivers/BSP/STM32F4xx-Nucleo/stm32f4xx_nucleo.o
 .debug_aranges
                0x00000000000000d0       0x60 ./Drivers/BSP/X-NUCLEO-IHM02A1/xnucleoihm02a1_interface.o
 .debug_aranges
                0x0000000000000130       0x28 ./Drivers/CMSIS/system_stm32f4xx.o
 .debug_aranges
                0x0000000000000158       0xc0 ./Drivers/STM32F4xx_HAL_Driver/stm32f4xx_hal.o
 .debug_aranges
                0x0000000000000218       0x98 ./Drivers/STM32F4xx_HAL_Driver/stm32f4xx_hal_cortex.o
 .debug_aranges
                0x00000000000002b0       0x58 ./Drivers/STM32F4xx_HAL_Driver/stm32f4xx_hal_gpio.o
 .debug_aranges
                0x0000000000000308       0x88 ./Drivers/STM32F4xx_HAL_Driver/stm32f4xx_hal_rcc.o
 .debug_aranges
                0x0000000000000390      0x150 ./Drivers/STM32F4xx_HAL_Driver/stm32f4xx_hal_spi.o
 .debug_aranges
                0x00000000000004e0      0x138 ./Drivers/STM32F4xx_HAL_Driver/stm32f4xx_hal_uart.o
 .debug_aranges
                0x0000000000000618       0x28 ./Example/SW4STM32/startup_stm32f401xe.o
 .debug_aranges
                0x0000000000000640       0x88 ./Example/User/example_usart.o
 .debug_aranges
                0x00000000000006c8       0x30 ./Example/User/main.o
 .debug_aranges
                0x00000000000006f8       0x50 ./Example/User/stm32f4xx_hal_msp.o
 .debug_aranges
                0x0000000000000748       0x40 ./Example/User/stm32f4xx_it.o

.debug_ranges   0x0000000000000000      0x758
 .debug_ranges  0x0000000000000000       0xf0 ./Drivers/BSP/STM32F4xx-Nucleo/stm32f4xx_nucleo.o
 .debug_ranges  0x00000000000000f0       0x50 ./Drivers/BSP/X-NUCLEO-IHM02A1/xnucleoihm02a1_interface.o
 .debug_ranges  0x0000000000000140       0x18 ./Drivers/CMSIS/system_stm32f4xx.o
 .debug_ranges  0x0000000000000158       0xb0 ./Drivers/STM32F4xx_HAL_Driver/stm32f4xx_hal.o
 .debug_ranges  0x0000000000000208       0xb8 ./Drivers/STM32F4xx_HAL_Driver/stm32f4xx_hal_cortex.o
 .debug_ranges  0x00000000000002c0       0x48 ./Drivers/STM32F4xx_HAL_Driver/stm32f4xx_hal_gpio.o
 .debug_ranges  0x0000000000000308       0x78 ./Drivers/STM32F4xx_HAL_Driver/stm32f4xx_hal_rcc.o
 .debug_ranges  0x0000000000000380      0x158 ./Drivers/STM32F4xx_HAL_Driver/stm32f4xx_hal_spi.o
 .debug_ranges  0x00000000000004d8      0x128 ./Drivers/STM32F4xx_HAL_Driver/stm32f4xx_hal_uart.o
 .debug_ranges  0x0000000000000600       0x20 ./Example/SW4STM32/startup_stm32f401xe.o
 .debug_ranges  0x0000000000000620       0x78 ./Example/User/example_usart.o
 .debug_ranges  0x0000000000000698       0x50 ./Example/User/main.o
 .debug_ranges  0x00000000000006e8       0x40 ./Example/User/stm32f4xx_hal_msp.o
 .debug_ranges  0x0000000000000728       0x30 ./Example/User/stm32f4xx_it.o

.debug_macro    0x0000000000000000     0x2c72
 .debug_macro   0x0000000000000000      0x353 ./Drivers/BSP/STM32F4xx-Nucleo/stm32f4xx_nucleo.o
 .debug_macro   0x0000000000000353      0x1bc ./Drivers/BSP/STM32F4xx-Nucleo/stm32f4xx_nucleo.o
 .debug_macro   0x000000000000050f      0x340 ./Drivers/BSP/X-NUCLEO-IHM02A1/xnucleoihm02a1_interface.o
 .debug_macro   0x000000000000084f      0x320 ./Drivers/CMSIS/system_stm32f4xx.o
 .debug_macro   0x0000000000000b6f      0x368 ./Drivers/STM32F4xx_HAL_Driver/stm32f4xx_hal.o
 .debug_macro   0x0000000000000ed7      0x31a ./Drivers/STM32F4xx_HAL_Driver/stm32f4xx_hal_cortex.o
 .debug_macro   0x00000000000011f1      0x352 ./Drivers/STM32F4xx_HAL_Driver/stm32f4xx_hal_gpio.o
 .debug_macro   0x0000000000001543      0x344 ./Drivers/STM32F4xx_HAL_Driver/stm32f4xx_hal_rcc.o
 .debug_macro   0x0000000000001887      0x320 ./Drivers/STM32F4xx_HAL_Driver/stm32f4xx_hal_spi.o
 .debug_macro   0x0000000000001ba7      0x322 ./Drivers/STM32F4xx_HAL_Driver/stm32f4xx_hal_uart.o
 .debug_macro   0x0000000000001ec9      0x382 ./Example/User/example_usart.o
 .debug_macro   0x000000000000224b      0x37e ./Example/User/main.o
 .debug_macro   0x00000000000025c9       0x22 ./Example/User/main.o
 .debug_macro   0x00000000000025eb      0x332 ./Example/User/stm32f4xx_hal_msp.o
 .debug_macro   0x000000000000291d      0x345 ./Example/User/stm32f4xx_it.o
 .debug_macro   0x0000000000002c62       0x10 ./Example/User/stm32f4xx_it.o

.debug_line     0x0000000000000000     0xf03c
 .debug_line    0x0000000000000000     0x115f ./Drivers/BSP/STM32F4xx-Nucleo/stm32f4xx_nucleo.o
 .debug_line    0x000000000000115f      0xdd9 ./Drivers/BSP/X-NUCLEO-IHM02A1/xnucleoihm02a1_interface.o
 .debug_line    0x0000000000001f38      0xa4c ./Drivers/CMSIS/system_stm32f4xx.o
 .debug_line    0x0000000000002984      0xbc3 ./Drivers/STM32F4xx_HAL_Driver/stm32f4xx_hal.o
 .debug_line    0x0000000000003547      0xeca ./Drivers/STM32F4xx_HAL_Driver/stm32f4xx_hal_cortex.o
 .debug_line    0x0000000000004411      0xf86 ./Drivers/STM32F4xx_HAL_Driver/stm32f4xx_hal_gpio.o
 .debug_line    0x0000000000005397     0x15c0 ./Drivers/STM32F4xx_HAL_Driver/stm32f4xx_hal_rcc.o
 .debug_line    0x0000000000006957     0x28a0 ./Drivers/STM32F4xx_HAL_Driver/stm32f4xx_hal_spi.o
 .debug_line    0x00000000000091f7     0x1ff2 ./Drivers/STM32F4xx_HAL_Driver/stm32f4xx_hal_uart.o
 .debug_line    0x000000000000b1e9      0x10b ./Example/SW4STM32/startup_stm32f401xe.o
 .debug_line    0x000000000000b2f4     0x1ac2 ./Example/User/example_usart.o
 .debug_line    0x000000000000cdb6      0xbca ./Example/User/main.o
 .debug_line    0x000000000000d980      0xc28 ./Example/User/stm32f4xx_hal_msp.o
 .debug_line    0x000000000000e5a8      0xa94 ./Example/User/stm32f4xx_it.o

.debug_str      0x0000000000000000    0x5f9f1
 .debug_str     0x0000000000000000    0x5c70b ./Drivers/BSP/STM32F4xx-Nucleo/stm32f4xx_nucleo.o
                                      0x5cad7 (size before relaxing)
 .debug_str     0x000000000005c70b      0x8cd ./Drivers/BSP/X-NUCLEO-IHM02A1/xnucleoihm02a1_interface.o
                                      0x5c9f7 (size before relaxing)
 .debug_str     0x000000000005cfd8      0x143 ./Drivers/CMSIS/system_stm32f4xx.o
                                      0x5aea7 (size before relaxing)
 .debug_str     0x000000000005d11b      0x500 ./Drivers/STM32F4xx_HAL_Driver/stm32f4xx_hal.o
                                      0x5b718 (size before relaxing)
 .debug_str     0x000000000005d61b      0x386 ./Drivers/STM32F4xx_HAL_Driver/stm32f4xx_hal_cortex.o
                                      0x5b5a6 (size before relaxing)
 .debug_str     0x000000000005d9a1      0x257 ./Drivers/STM32F4xx_HAL_Driver/stm32f4xx_hal_gpio.o
                                      0x5b104 (size before relaxing)
 .debug_str     0x000000000005dbf8      0x247 ./Drivers/STM32F4xx_HAL_Driver/stm32f4xx_hal_rcc.o
                                      0x5b2a9 (size before relaxing)
 .debug_str     0x000000000005de3f      0x3d0 ./Drivers/STM32F4xx_HAL_Driver/stm32f4xx_hal_spi.o
                                      0x5b591 (size before relaxing)
 .debug_str     0x000000000005e20f      0x3a7 ./Drivers/STM32F4xx_HAL_Driver/stm32f4xx_hal_uart.o
                                      0x5b584 (size before relaxing)
 .debug_str     0x000000000005e5b6       0xbb ./Example/SW4STM32/startup_stm32f401xe.o
                                        0x169 (size before relaxing)
 .debug_str     0x000000000005e671     0x1083 ./Example/User/example_usart.o
                                      0x5d268 (size before relaxing)
 .debug_str     0x000000000005f6f4      0x14b ./Example/User/main.o
                                      0x5c688 (size before relaxing)
 .debug_str     0x000000000005f83f       0xc8 ./Example/User/stm32f4xx_hal_msp.o
                                      0x5cb35 (size before relaxing)
 .debug_str     0x000000000005f907       0xea ./Example/User/stm32f4xx_it.o
                                      0x5c22a (size before relaxing)

.comment        0x0000000000000000       0x50
 .comment       0x0000000000000000       0x50 ./Drivers/BSP/STM32F4xx-Nucleo/stm32f4xx_nucleo.o
                                         0x51 (size before relaxing)
 .comment       0x0000000000000050       0x51 ./Drivers/BSP/X-NUCLEO-IHM02A1/xnucleoihm02a1_interface.o
 .comment       0x0000000000000050       0x51 ./Drivers/CMSIS/system_stm32f4xx.o
 .comment       0x0000000000000050       0x51 ./Drivers/STM32F4xx_HAL_Driver/stm32f4xx_hal.o
 .comment       0x0000000000000050       0x51 ./Drivers/STM32F4xx_HAL_Driver/stm32f4xx_hal_cortex.o
 .comment       0x0000000000000050       0x51 ./Drivers/STM32F4xx_HAL_Driver/stm32f4xx_hal_gpio.o
 .comment       0x0000000000000050       0x51 ./Drivers/STM32F4xx_HAL_Driver/stm32f4xx_hal_rcc.o
 .comment       0x0000000000000050       0x51 ./Drivers/STM32F4xx_HAL_Driver/stm32f4xx_hal_spi.o
 .comment       0x0000000000000050       0x51 ./Drivers/STM32F4xx_HAL_Driver/stm32f4xx_hal_uart.o
 .comment       0x0000000000000050       0x51 ./Example/User/example_usart.o
 .comment       0x0000000000000050       0x51 ./Example/User/main.o
 .comment       0x0000000000000050       0x51 ./Example/User/stm32f4xx_hal_msp.o
 .comment       0x0000000000000050       0x51 ./Example/User/stm32f4xx_it.o

.debug_frame    0x0000000000000000     0x1430
 .debug_frame   0x0000000000000000      0x2a0 ./Drivers/BSP/STM32F4xx-Nucleo/stm32f4xx_nucleo.o
 .debug_frame   0x00000000000002a0      0x10c ./Drivers/BSP/X-NUCLEO-IHM02A1/xnucleoihm02a1_interface.o
 .debug_frame   0x00000000000003ac       0x30 ./Drivers/CMSIS/system_stm32f4xx.o
 .debug_frame   0x00000000000003dc      0x188 ./Drivers/STM32F4xx_HAL_Driver/stm32f4xx_hal.o
 .debug_frame   0x0000000000000564      0x17c ./Drivers/STM32F4xx_HAL_Driver/stm32f4xx_hal_cortex.o
 .debug_frame   0x00000000000006e0      0x10c ./Drivers/STM32F4xx_HAL_Driver/stm32f4xx_hal_gpio.o
 .debug_frame   0x00000000000007ec      0x14c ./Drivers/STM32F4xx_HAL_Driver/stm32f4xx_hal_rcc.o
 .debug_frame   0x0000000000000938      0x3fc ./Drivers/STM32F4xx_HAL_Driver/stm32f4xx_hal_spi.o
 .debug_frame   0x0000000000000d34      0x35c ./Drivers/STM32F4xx_HAL_Driver/stm32f4xx_hal_uart.o
 .debug_frame   0x0000000000001090      0x1c0 ./Example/User/example_usart.o
 .debug_frame   0x0000000000001250       0x58 ./Example/User/main.o
 .debug_frame   0x00000000000012a8       0xd4 ./Example/User/stm32f4xx_hal_msp.o
 .debug_frame   0x000000000000137c       0x88 ./Example/User/stm32f4xx_it.o
 .debug_frame   0x0000000000001404       0x2c c:/st/stm32cubeide_1.12.1/stm32cubeide/plugins/com.st.stm32cube.ide.mcu.externaltools.gnu-tools-for-stm32.10.3-2021.10.win32_1.0.200.202301161003/tools/bin/../lib/gcc/arm-none-eabi/10.3.1/../../../../arm-none-eabi/lib/thumb/v7e-m+fp/hard\libc_nano.a(lib_a-init.o)
