C:/Users/kiran/Desktop/MTE325/TwoAxisMachine_STM32/STM32CubeExpansion_SPN2_V1.1.1/Projects/STM32F401RE-Nucleo/Examples/MotionControl/MicrosteppingMotor/Src/main.c:82:6:limitSwitch_Init	96	static
C:/Users/kiran/Desktop/MTE325/TwoAxisMachine_STM32/STM32CubeExpansion_SPN2_V1.1.1/Projects/STM32F401RE-Nucleo/Examples/MotionControl/MicrosteppingMotor/Src/main.c:114:5:main	8	static
C:/Users/kiran/Desktop/MTE325/TwoAxisMachine_STM32/STM32CubeExpansion_SPN2_V1.1.1/Projects/STM32F401RE-Nucleo/Examples/MotionControl/MicrosteppingMotor/Src/main.c:158:6:assert_failed	0	static
